Archive member included to satisfy reference by file (symbol)

f:/work and college/imt/programs/01- imt sdk/imt_sdk_win_64/imt_sdk_win_64/winarm/armgcc/bin/../lib/gcc/arm-none-eabi/7.2.1/thumb/v7e-m\libgcc.a(_aeabi_uldivmod.o)
                              ./system/src/stm32f4-hal/stm32f4xx_hal_rcc.o (__aeabi_uldivmod)
f:/work and college/imt/programs/01- imt sdk/imt_sdk_win_64/imt_sdk_win_64/winarm/armgcc/bin/../lib/gcc/arm-none-eabi/7.2.1/thumb/v7e-m\libgcc.a(_udivmoddi4.o)
                              f:/work and college/imt/programs/01- imt sdk/imt_sdk_win_64/imt_sdk_win_64/winarm/armgcc/bin/../lib/gcc/arm-none-eabi/7.2.1/thumb/v7e-m\libgcc.a(_aeabi_uldivmod.o) (__udivmoddi4)
f:/work and college/imt/programs/01- imt sdk/imt_sdk_win_64/imt_sdk_win_64/winarm/armgcc/bin/../lib/gcc/arm-none-eabi/7.2.1/thumb/v7e-m\libgcc.a(_dvmd_tls.o)
                              f:/work and college/imt/programs/01- imt sdk/imt_sdk_win_64/imt_sdk_win_64/winarm/armgcc/bin/../lib/gcc/arm-none-eabi/7.2.1/thumb/v7e-m\libgcc.a(_aeabi_uldivmod.o) (__aeabi_ldiv0)
f:/work and college/imt/programs/01- imt sdk/imt_sdk_win_64/imt_sdk_win_64/winarm/armgcc/bin/../lib/gcc/arm-none-eabi/7.2.1/../../../../arm-none-eabi/lib/thumb/v7e-m\libg_nano.a(lib_a-errno.o)
                              ./system/src/newlib/sbrk.o (__errno)
f:/work and college/imt/programs/01- imt sdk/imt_sdk_win_64/imt_sdk_win_64/winarm/armgcc/bin/../lib/gcc/arm-none-eabi/7.2.1/../../../../arm-none-eabi/lib/thumb/v7e-m\libg_nano.a(lib_a-impure.o)
                              f:/work and college/imt/programs/01- imt sdk/imt_sdk_win_64/imt_sdk_win_64/winarm/armgcc/bin/../lib/gcc/arm-none-eabi/7.2.1/../../../../arm-none-eabi/lib/thumb/v7e-m\libg_nano.a(lib_a-errno.o) (_impure_ptr)
f:/work and college/imt/programs/01- imt sdk/imt_sdk_win_64/imt_sdk_win_64/winarm/armgcc/bin/../lib/gcc/arm-none-eabi/7.2.1/../../../../arm-none-eabi/lib/thumb/v7e-m\libg_nano.a(lib_a-strlen.o)
                              ./system/src/diag/trace.o (strlen)
f:/work and college/imt/programs/01- imt sdk/imt_sdk_win_64/imt_sdk_win_64/winarm/armgcc/bin/../lib/gcc/arm-none-eabi/7.2.1/../../../../arm-none-eabi/lib/thumb/v7e-m\libg_nano.a(lib_a-vsnprintf.o)
                              ./system/src/diag/trace.o (vsnprintf)
f:/work and college/imt/programs/01- imt sdk/imt_sdk_win_64/imt_sdk_win_64/winarm/armgcc/bin/../lib/gcc/arm-none-eabi/7.2.1/../../../../arm-none-eabi/lib/thumb/v7e-m\libg_nano.a(lib_a-nano-svfprintf.o)
                              f:/work and college/imt/programs/01- imt sdk/imt_sdk_win_64/imt_sdk_win_64/winarm/armgcc/bin/../lib/gcc/arm-none-eabi/7.2.1/../../../../arm-none-eabi/lib/thumb/v7e-m\libg_nano.a(lib_a-vsnprintf.o) (_svfprintf_r)
f:/work and college/imt/programs/01- imt sdk/imt_sdk_win_64/imt_sdk_win_64/winarm/armgcc/bin/../lib/gcc/arm-none-eabi/7.2.1/../../../../arm-none-eabi/lib/thumb/v7e-m\libg_nano.a(lib_a-nano-vfprintf_i.o)
                              f:/work and college/imt/programs/01- imt sdk/imt_sdk_win_64/imt_sdk_win_64/winarm/armgcc/bin/../lib/gcc/arm-none-eabi/7.2.1/../../../../arm-none-eabi/lib/thumb/v7e-m\libg_nano.a(lib_a-nano-svfprintf.o) (_printf_i)
f:/work and college/imt/programs/01- imt sdk/imt_sdk_win_64/imt_sdk_win_64/winarm/armgcc/bin/../lib/gcc/arm-none-eabi/7.2.1/../../../../arm-none-eabi/lib/thumb/v7e-m\libg_nano.a(lib_a-memchr.o)
                              f:/work and college/imt/programs/01- imt sdk/imt_sdk_win_64/imt_sdk_win_64/winarm/armgcc/bin/../lib/gcc/arm-none-eabi/7.2.1/../../../../arm-none-eabi/lib/thumb/v7e-m\libg_nano.a(lib_a-nano-svfprintf.o) (memchr)
f:/work and college/imt/programs/01- imt sdk/imt_sdk_win_64/imt_sdk_win_64/winarm/armgcc/bin/../lib/gcc/arm-none-eabi/7.2.1/../../../../arm-none-eabi/lib/thumb/v7e-m\libg_nano.a(lib_a-memcpy-stub.o)
                              f:/work and college/imt/programs/01- imt sdk/imt_sdk_win_64/imt_sdk_win_64/winarm/armgcc/bin/../lib/gcc/arm-none-eabi/7.2.1/../../../../arm-none-eabi/lib/thumb/v7e-m\libg_nano.a(lib_a-nano-svfprintf.o) (memcpy)
f:/work and college/imt/programs/01- imt sdk/imt_sdk_win_64/imt_sdk_win_64/winarm/armgcc/bin/../lib/gcc/arm-none-eabi/7.2.1/../../../../arm-none-eabi/lib/thumb/v7e-m\libg_nano.a(lib_a-memmove.o)
                              f:/work and college/imt/programs/01- imt sdk/imt_sdk_win_64/imt_sdk_win_64/winarm/armgcc/bin/../lib/gcc/arm-none-eabi/7.2.1/../../../../arm-none-eabi/lib/thumb/v7e-m\libg_nano.a(lib_a-nano-svfprintf.o) (memmove)
f:/work and college/imt/programs/01- imt sdk/imt_sdk_win_64/imt_sdk_win_64/winarm/armgcc/bin/../lib/gcc/arm-none-eabi/7.2.1/../../../../arm-none-eabi/lib/thumb/v7e-m\libg_nano.a(lib_a-nano-freer.o)
                              f:/work and college/imt/programs/01- imt sdk/imt_sdk_win_64/imt_sdk_win_64/winarm/armgcc/bin/../lib/gcc/arm-none-eabi/7.2.1/../../../../arm-none-eabi/lib/thumb/v7e-m\libg_nano.a(lib_a-nano-svfprintf.o) (_free_r)
[...]
Memory Configuration

Name             Origin             Length             Attributes
RAM              0x20000000         0x00010000         xrw
CCMRAM           0x10000000         0x00000000         xrw
FLASH            0x08000000         0x00040000         xr
FLASHB1          0x00000000         0x00000000         xr
EXTMEMB0         0x00000000         0x00000000         xr
EXTMEMB1         0x00000000         0x00000000         xr
EXTMEMB2         0x00000000         0x00000000         xr
EXTMEMB3         0x00000000         0x00000000         xr
*default*        0x00000000         0xffffffff

Linker script and memory map

LOAD ./system/src/stm32f4-hal/stm32f4xx_hal.o
LOAD ./system/src/stm32f4-hal/stm32f4xx_hal_cortex.o
LOAD ./system/src/stm32f4-hal/stm32f4xx_hal_flash.o
LOAD ./system/src/stm32f4-hal/stm32f4xx_hal_flash_ex.o
LOAD ./system/src/stm32f4-hal/stm32f4xx_hal_flash_ramfunc.o
LOAD ./system/src/stm32f4-hal/stm32f4xx_hal_gpio.o
LOAD ./system/src/stm32f4-hal/stm32f4xx_hal_iwdg.o
LOAD ./system/src/stm32f4-hal/stm32f4xx_hal_pwr.o
LOAD ./system/src/stm32f4-hal/stm32f4xx_hal_rcc.o
LOAD ./system/src/newlib/assert.o
LOAD ./system/src/newlib/cxx.o
LOAD ./system/src/newlib/exit.o
LOAD ./system/src/newlib/sbrk.o
LOAD ./system/src/newlib/startup.o
LOAD ./system/src/newlib/syscalls.o
LOAD ./system/src/diag/trace-impl.o
LOAD ./system/src/diag/trace.o
LOAD ./system/src/cortexm/exception-handlers.o
LOAD ./system/src/cortexm/initialize-hardware.o
LOAD ./system/src/cortexm/reset-hardware.o
LOAD ./system/src/cmsis/system_stm32f4xx.o
LOAD ./system/src/cmsis/vectors_stm32f401xc.o
LOAD ./src/HR2RDAC_Program.o
LOAD ./src/HSTP_Configurations.o
LOAD ./src/HSTP_Program.o
LOAD ./src/HTFT_Program.o
LOAD ./src/MEXTI_Configurations.o
LOAD ./src/MEXTI_Program.o
LOAD ./src/MGPIO_Program.o
LOAD ./src/MNVIC_Program.o
LOAD ./src/MRCC_Program.o
LOAD ./src/MSPI_Program.o
LOAD ./src/MSTK_Program.o
LOAD ./src/initialize-hardware.o
LOAD ./src/main.o
LOAD ./src/stm32f4xx_hal_msp.o
LOAD ./src/write.o
LOAD f:/work and college/imt/programs/01- imt sdk/imt_sdk_win_64/imt_sdk_win_64/winarm/armgcc/bin/../lib/gcc/arm-none-eabi/7.2.1/../../../../arm-none-eabi/lib/thumb/v7e-m\libstdc++_nano.a
LOAD f:/work and college/imt/programs/01- imt sdk/imt_sdk_win_64/imt_sdk_win_64/winarm/armgcc/bin/../lib/gcc/arm-none-eabi/7.2.1/../../../../arm-none-eabi/lib/thumb/v7e-m\libm.a
START GROUP
LOAD f:/work and college/imt/programs/01- imt sdk/imt_sdk_win_64/imt_sdk_win_64/winarm/armgcc/bin/../lib/gcc/arm-none-eabi/7.2.1/thumb/v7e-m\libgcc.a
LOAD f:/work and college/imt/programs/01- imt sdk/imt_sdk_win_64/imt_sdk_win_64/winarm/armgcc/bin/../lib/gcc/arm-none-eabi/7.2.1/../../../../arm-none-eabi/lib/thumb/v7e-m\libg_nano.a
LOAD f:/work and college/imt/programs/01- imt sdk/imt_sdk_win_64/imt_sdk_win_64/winarm/armgcc/bin/../lib/gcc/arm-none-eabi/7.2.1/../../../../arm-none-eabi/lib/thumb/v7e-m\libc_nano.a
END GROUP
START GROUP
LOAD f:/work and college/imt/programs/01- imt sdk/imt_sdk_win_64/imt_sdk_win_64/winarm/armgcc/bin/../lib/gcc/arm-none-eabi/7.2.1/thumb/v7e-m\libgcc.a
LOAD f:/work and college/imt/programs/01- imt sdk/imt_sdk_win_64/imt_sdk_win_64/winarm/armgcc/bin/../lib/gcc/arm-none-eabi/7.2.1/../../../../arm-none-eabi/lib/thumb/v7e-m\libc_nano.a
END GROUP
                0x20010000                __stack = (ORIGIN (RAM) + LENGTH (RAM))
                0x20010000                _estack = __stack
                0x00000400                __Main_Stack_Size = 0x400
                [!provide]                PROVIDE (_Main_Stack_Size, __Main_Stack_Size)
                0x2000fc00                __Main_Stack_Limit = (__stack - __Main_Stack_Size)
                [!provide]                PROVIDE (_Main_Stack_Limit, __Main_Stack_Limit)
                0x00000100                _Minimum_Stack_Size = 0x100
                0x2000029c                PROVIDE (_Heap_Begin, _end_noinit)
                0x2000fc00                PROVIDE (_Heap_Limit, (__stack - __Main_Stack_Size))

.isr_vector     0x08000000      0x3f4
 FILL mask 0xff
                0x08000000                __vectors_start = ABSOLUTE (.)
                0x08000000                __vectors_start__ = ABSOLUTE (.)
 *(.isr_vector)
 .isr_vector    0x08000000      0x194 ./system/src/cmsis/vectors_stm32f401xc.o
                0x08000000                __isr_vectors
 *(.cfmconfig)
 *(.after_vectors .after_vectors.*)
 .after_vectors
                0x08000194      0x130 ./system/src/newlib/startup.o
                0x08000194                _start
 .after_vectors
                0x080002c4      0x12c ./system/src/cortexm/exception-handlers.o
                0x080002c4                Reset_Handler
                0x080002ca                NMI_Handler
                0x080002ce                HardFault_Handler
                0x080002e2                HardFault_Handler_C
                0x08000340                MemManage_Handler
                0x08000344                BusFault_Handler
                0x08000358                BusFault_Handler_C
                0x0800038c                UsageFault_Handler
                0x080003a0                UsageFault_Handler_C
                0x080003d4                SVC_Handler
                0x080003d8                DebugMon_Handler
                0x080003dc                PendSV_Handler
 .after_vectors
                0x080003f0        0x4 ./system/src/cmsis/vectors_stm32f401xc.o
                0x080003f0                RTC_Alarm_IRQHandler
                0x080003f0                SPI4_IRQHandler
                0x080003f0                TIM1_CC_IRQHandler
                0x080003f0                DMA2_Stream5_IRQHandler
                0x080003f0                DMA1_Stream5_IRQHandler
                0x080003f0                PVD_IRQHandler
                0x080003f0                SDIO_IRQHandler
                0x080003f0                TAMP_STAMP_IRQHandler
                0x080003f0                EXTI3_IRQHandler
                0x080003f0                TIM1_UP_TIM10_IRQHandler
                0x080003f0                I2C3_ER_IRQHandler
                0x080003f0                I2C2_EV_IRQHandler
                0x080003f0                DMA1_Stream2_IRQHandler
                0x080003f0                FPU_IRQHandler
                0x080003f0                DMA2_Stream2_IRQHandler
                0x080003f0                TIM1_BRK_TIM9_IRQHandler
                0x080003f0                DMA2_Stream3_IRQHandler
                0x080003f0                USART6_IRQHandler
                0x080003f0                DMA2_Stream0_IRQHandler
                0x080003f0                TIM4_IRQHandler
                0x080003f0                I2C1_EV_IRQHandler
                0x080003f0                DMA1_Stream6_IRQHandler
                0x080003f0                DMA1_Stream1_IRQHandler
                0x080003f0                TIM3_IRQHandler
                0x080003f0                RCC_IRQHandler
                0x080003f0                Default_Handler
                0x080003f0                EXTI15_10_IRQHandler
                0x080003f0                ADC_IRQHandler
                0x080003f0                DMA1_Stream7_IRQHandler
                0x080003f0                TIM5_IRQHandler
                0x080003f0                DMA2_Stream7_IRQHandler
                0x080003f0                I2C3_EV_IRQHandler
                0x080003f0                EXTI9_5_IRQHandler
                0x080003f0                RTC_WKUP_IRQHandler
                0x080003f0                SPI2_IRQHandler
                0x080003f0                DMA1_Stream0_IRQHandler
                0x080003f0                EXTI4_IRQHandler
                0x080003f0                WWDG_IRQHandler
                0x080003f0                TIM2_IRQHandler
                0x080003f0                OTG_FS_WKUP_IRQHandler
                0x080003f0                TIM1_TRG_COM_TIM11_IRQHandler
                0x080003f0                USART2_IRQHandler
                0x080003f0                I2C2_ER_IRQHandler
                0x080003f0                DMA2_Stream1_IRQHandler
                0x080003f0                FLASH_IRQHandler
                0x080003f0                DMA2_Stream4_IRQHandler
                0x080003f0                USART1_IRQHandler
                0x080003f0                OTG_FS_IRQHandler
                0x080003f0                SPI3_IRQHandler
                0x080003f0                DMA1_Stream4_IRQHandler
                0x080003f0                I2C1_ER_IRQHandler
                0x080003f0                DMA2_Stream6_IRQHandler
                0x080003f0                DMA1_Stream3_IRQHandler

.inits          0x080003f4       0x28
                0x080003f4                __data_regions_array_start = .
                0x080003f4        0x4 LONG 0x802780c LOADADDR (.data)
                0x080003f8        0x4 LONG 0x20000000 ADDR (.data)
                0x080003fc        0x4 LONG 0x2000019c (ADDR (.data) + SIZEOF (.data))
                0x08000400        0x4 LONG 0x802780c LOADADDR (.data_CCMRAM)
                0x08000404        0x4 LONG 0x10000000 ADDR (.data_CCMRAM)
                0x08000408        0x4 LONG 0x10000000 (ADDR (.data_CCMRAM) + SIZEOF (.data_CCMRAM))
                0x0800040c                __data_regions_array_end = .
                0x0800040c                __bss_regions_array_start = .
                0x0800040c        0x4 LONG 0x2000019c ADDR (.bss)
                0x08000410        0x4 LONG 0x2000029c (ADDR (.bss) + SIZEOF (.bss))
                0x08000414        0x4 LONG 0x10000000 ADDR (.bss_CCMRAM)
                0x08000418        0x4 LONG 0x10000000 (ADDR (.bss_CCMRAM) + SIZEOF (.bss_CCMRAM))
                0x0800041c                __bss_regions_array_end = .
 *(.init)
 *(.fini)
                0x0800041c                . = ALIGN (0x4)
                0x0800041c                PROVIDE (__preinit_array_start, .)
 *(.preinit_array_sysinit .preinit_array_sysinit.*)
 *(.preinit_array_platform .preinit_array_platform.*)
 *(.preinit_array .preinit_array.*)
                0x0800041c                PROVIDE (__preinit_array_end, .)
                0x0800041c                . = ALIGN (0x4)
                0x0800041c                PROVIDE (__init_array_start, .)
 *(SORT_BY_NAME(.init_array.*))
 *(.init_array)
                0x0800041c                PROVIDE (__init_array_end, .)
                0x0800041c                . = ALIGN (0x4)
                0x0800041c                PROVIDE (__fini_array_start, .)
 *(SORT_BY_NAME(.fini_array.*))
 *(.fini_array)
                0x0800041c                PROVIDE (__fini_array_end, .)

.flashtext
 *(.flashtext .flashtext.*)

.text           0x08000420    0x273eb
 *(.text .text.*)
 .text._exit    0x08000420        0x2 ./system/src/newlib/exit.o
                0x08000420                _exit
 *fill*         0x08000422        0x2 
 .text._sbrk    0x08000424       0x44 ./system/src/newlib/sbrk.o
                0x08000424                _sbrk
 .text.__initialize_args
                0x08000468       0x10 ./system/src/newlib/syscalls.o
                0x08000468                __initialize_args
 .text._trace_write_semihosting_debug
                0x08000478       0x60 ./system/src/diag/trace-impl.o
 .text.trace_write
                0x080004d8        0x8 ./system/src/diag/trace-impl.o
                0x080004d8                trace_write
 .text.trace_printf
                0x080004e0       0x30 ./system/src/diag/trace.o
                0x080004e0                trace_printf
 .text.dumpExceptionStack
                0x08000510       0xf4 ./system/src/cortexm/exception-handlers.o
                0x08000510                dumpExceptionStack
 .text.isSemihosting
                0x08000604       0x20 ./system/src/cortexm/exception-handlers.o
                0x08000604                isSemihosting
 .text.__initialize_hardware_early
                0x08000624       0x18 ./system/src/cortexm/initialize-hardware.o
                0x08000624                __initialize_hardware_early
 .text.SystemInit
                0x0800063c       0x10 ./system/src/cmsis/system_stm32f4xx.o
                0x0800063c                SystemInit
 .text.HR2RDAC_voidInit
                0x0800064c       0xb4 ./src/HR2RDAC_Program.o
                0x0800064c                HR2RDAC_voidInit
 .text.HR2RDAC_voidSendDataAsync
                0x08000700       0x76 ./src/HR2RDAC_Program.o
                0x08000700                HR2RDAC_voidSendDataAsync
 *fill*         0x08000776        0x2 
 .text.HSTP_voidInit
                0x08000778       0x6c ./src/HSTP_Program.o
                0x08000778                HSTP_voidInit
 .text.HSTP_voidSendData
                0x080007e4       0x7c ./src/HSTP_Program.o
                0x080007e4                HSTP_voidSendData
 .text.HSTP_voidLedMatrixScrollingAsync
                0x08000860       0x4e ./src/HSTP_Program.o
                0x08000860                HSTP_voidLedMatrixScrollingAsync
 .text.HTFT_voidReset
                0x080008ae       0x54 ./src/HTFT_Program.o
                0x080008ae                HTFT_voidReset
 .text.HTFT_voidSendCommand
                0x08000902       0x16 ./src/HTFT_Program.o
                0x08000902                HTFT_voidSendCommand
 .text.HTFT_voidSendData
                0x08000918       0x16 ./src/HTFT_Program.o
                0x08000918                HTFT_voidSendData
 .text.HTFT_voidInit
                0x0800092e       0xca ./src/HTFT_Program.o
                0x0800092e                HTFT_voidInit
 .text.HTFT_voidSendPicture
                0x080009f8       0x68 ./src/HTFT_Program.o
                0x080009f8                HTFT_voidSendPicture
 .text.MEXTI_voidInit
                0x08000a60       0xf4 ./src/MEXTI_Program.o
                0x08000a60                MEXTI_voidInit
 .text.MEXTI_voidEnableEXTILine
                0x08000b54       0x14 ./src/MEXTI_Program.o
                0x08000b54                MEXTI_voidEnableEXTILine
 .text.MEXTI_voidSetCallBack
                0x08000b68        0xc ./src/MEXTI_Program.o
                0x08000b68                MEXTI_voidSetCallBack
 .text.EXTI0_IRQHandler
                0x08000b74       0x20 ./src/MEXTI_Program.o
                0x08000b74                EXTI0_IRQHandler
 .text.EXTI1_IRQHandler
                0x08000b94       0x20 ./src/MEXTI_Program.o
                0x08000b94                EXTI1_IRQHandler
 .text.EXTI2_IRQHandler
                0x08000bb4       0x20 ./src/MEXTI_Program.o
                0x08000bb4                EXTI2_IRQHandler
 .text.MGPIO_voidSetPinMode
                0x08000bd4       0x8c ./src/MGPIO_Program.o
                0x08000bd4                MGPIO_voidSetPinMode
 .text.MGPIO_voidSetPinOutputMode
                0x08000c60       0xc8 ./src/MGPIO_Program.o
                0x08000c60                MGPIO_voidSetPinOutputMode
 .text.MGPIO_voidSetPinAltrenativeFunction
                0x08000d28       0xf8 ./src/MGPIO_Program.o
                0x08000d28                MGPIO_voidSetPinAltrenativeFunction
 .text.MGPIO_voidSetPinInputMode
                0x08000e20       0x8c ./src/MGPIO_Program.o
                0x08000e20                MGPIO_voidSetPinInputMode
 .text.MGPIO_voidSetPinValue
                0x08000eac       0xa8 ./src/MGPIO_Program.o
                0x08000eac                MGPIO_voidSetPinValue
 .text.MGPIO_voidSetResetPin
                0x08000f54       0x94 ./src/MGPIO_Program.o
                0x08000f54                MGPIO_voidSetResetPin
 .text.MNVIC_voidEnablePeripheralInterrupt
                0x08000fe8       0x24 ./src/MNVIC_Program.o
                0x08000fe8                MNVIC_voidEnablePeripheralInterrupt
 .text.MRCC_voidInit
                0x0800100c       0x28 ./src/MRCC_Program.o
                0x0800100c                MRCC_voidInit
 .text.MRCC_voidEnablePeripheral
                0x08001034       0x58 ./src/MRCC_Program.o
                0x08001034                MRCC_voidEnablePeripheral
 .text.MSPI_voidInit
                0x0800108c       0x68 ./src/MSPI_Program.o
                0x0800108c                MSPI_voidInit
 .text.MSPI_voidSendReceiveData
                0x080010f4       0x1c ./src/MSPI_Program.o
                0x080010f4                MSPI_voidSendReceiveData
 .text.SPI1_IRQHandler
                0x08001110       0x10 ./src/MSPI_Program.o
                0x08001110                SPI1_IRQHandler
 .text.MSTK_voidInit
                0x08001120       0x10 ./src/MSTK_Program.o
                0x08001120                MSTK_voidInit
 .text.MSTK_voidSetPreloadValue
                0x08001130       0x14 ./src/MSTK_Program.o
                0x08001130                MSTK_voidSetPreloadValue
 .text.MSTK_voidEnableSTK
                0x08001144       0x10 ./src/MSTK_Program.o
                0x08001144                MSTK_voidEnableSTK
 .text.MSTK_voidEnableInterrupt
                0x08001154       0x10 ./src/MSTK_Program.o
                0x08001154                MSTK_voidEnableInterrupt
 .text.MSTK_voidDisableInterrupt
                0x08001164       0x10 ./src/MSTK_Program.o
                0x08001164                MSTK_voidDisableInterrupt
 .text.MSTK_voidDelayms
                0x08001174       0x38 ./src/MSTK_Program.o
                0x08001174                MSTK_voidDelayms
 .text.MSTK_voidDelayus
                0x080011ac       0x30 ./src/MSTK_Program.o
                0x080011ac                MSTK_voidDelayus
 .text.MSTK_voidSetCallBack
                0x080011dc        0xc ./src/MSTK_Program.o
                0x080011dc                MSTK_voidSetCallBack
 .text.SysTick_Handler
                0x080011e8       0x10 ./src/MSTK_Program.o
                0x080011e8                SysTick_Handler
 .text.__initialize_hardware
                0x080011f8        0x2 ./src/initialize-hardware.o
                0x080011f8                __initialize_hardware
 *fill*         0x080011fa        0x2 
 .text.EXTI0_Handler
                0x080011fc       0x78 ./src/main.o
                0x080011fc                EXTI0_Handler
 .text.EXTI1_Handler
                0x08001274       0x78 ./src/main.o
                0x08001274                EXTI1_Handler
 .text.EXTI2_Handler
                0x080012ec       0x4c ./src/main.o
                0x080012ec                EXTI2_Handler
 .text.STK_Handler
                0x08001338       0x34 ./src/main.o
                0x08001338                STK_Handler
 .text.main     0x0800136c      0x1b0 ./src/main.o
                0x0800136c                main
 .text.__errno  0x0800151c        0xc f:/work and college/imt/programs/01- imt sdk/imt_sdk_win_64/imt_sdk_win_64/winarm/armgcc/bin/../lib/gcc/arm-none-eabi/7.2.1/../../../../arm-none-eabi/lib/thumb/v7e-m\libg_nano.a(lib_a-errno.o)
                0x0800151c                __errno
 .text._vsnprintf_r
                0x08001528       0x58 f:/work and college/imt/programs/01- imt sdk/imt_sdk_win_64/imt_sdk_win_64/winarm/armgcc/bin/../lib/gcc/arm-none-eabi/7.2.1/../../../../arm-none-eabi/lib/thumb/v7e-m\libg_nano.a(lib_a-vsnprintf.o)
                0x08001528                _vsniprintf_r
                0x08001528                _vsnprintf_r
 .text.vsnprintf
                0x08001580       0x1c f:/work and college/imt/programs/01- imt sdk/imt_sdk_win_64/imt_sdk_win_64/winarm/armgcc/bin/../lib/gcc/arm-none-eabi/7.2.1/../../../../arm-none-eabi/lib/thumb/v7e-m\libg_nano.a(lib_a-vsnprintf.o)
                0x08001580                vsniprintf
                0x08001580                vsnprintf
 .text.__ssputs_r
                0x0800159c       0xb4 f:/work and college/imt/programs/01- imt sdk/imt_sdk_win_64/imt_sdk_win_64/winarm/armgcc/bin/../lib/gcc/arm-none-eabi/7.2.1/../../../../arm-none-eabi/lib/thumb/v7e-m\libg_nano.a(lib_a-nano-svfprintf.o)
                0x0800159c                __ssputs_r
 .text._svfprintf_r
                0x08001650      0x1ec f:/work and college/imt/programs/01- imt sdk/imt_sdk_win_64/imt_sdk_win_64/winarm/armgcc/bin/../lib/gcc/arm-none-eabi/7.2.1/../../../../arm-none-eabi/lib/thumb/v7e-m\libg_nano.a(lib_a-nano-svfprintf.o)
                0x08001650                _svfiprintf_r
                0x08001650                _svfprintf_r
 .text._printf_common
                0x0800183c       0xea f:/work and college/imt/programs/01- imt sdk/imt_sdk_win_64/imt_sdk_win_64/winarm/armgcc/bin/../lib/gcc/arm-none-eabi/7.2.1/../../../../arm-none-eabi/lib/thumb/v7e-m\libg_nano.a(lib_a-nano-vfprintf_i.o)
                0x0800183c                _printf_common
 *fill*         0x08001926        0x2 
 .text._printf_i
                0x08001928      0x224 f:/work and college/imt/programs/01- imt sdk/imt_sdk_win_64/imt_sdk_win_64/winarm/armgcc/bin/../lib/gcc/arm-none-eabi/7.2.1/../../../../arm-none-eabi/lib/thumb/v7e-m\libg_nano.a(lib_a-nano-vfprintf_i.o)
                0x08001928                _printf_i
 *fill*         0x08001b4c        0x4 
 .text          0x08001b50       0xa0 f:/work and college/imt/programs/01- imt sdk/imt_sdk_win_64/imt_sdk_win_64/winarm/armgcc/bin/../lib/gcc/arm-none-eabi/7.2.1/../../../../arm-none-eabi/lib/thumb/v7e-m\libg_nano.a(lib_a-memchr.o)
                0x08001b50                memchr
 .text.memcpy   0x08001bf0       0x16 f:/work and college/imt/programs/01- imt sdk/imt_sdk_win_64/imt_sdk_win_64/winarm/armgcc/bin/../lib/gcc/arm-none-eabi/7.2.1/../../../../arm-none-eabi/lib/thumb/v7e-m\libg_nano.a(lib_a-memcpy-stub.o)
                0x08001bf0                memcpy
 .text.memmove  0x08001c06       0x32 f:/work and college/imt/programs/01- imt sdk/imt_sdk_win_64/imt_sdk_win_64/winarm/armgcc/bin/../lib/gcc/arm-none-eabi/7.2.1/../../../../arm-none-eabi/lib/thumb/v7e-m\libg_nano.a(lib_a-memmove.o)
                0x08001c06                memmove
 .text._free_r  0x08001c38       0x9c f:/work and college/imt/programs/01- imt sdk/imt_sdk_win_64/imt_sdk_win_64/winarm/armgcc/bin/../lib/gcc/arm-none-eabi/7.2.1/../../../../arm-none-eabi/lib/thumb/v7e-m\libg_nano.a(lib_a-nano-freer.o)
                0x08001c38                _free_r
 .text._malloc_r
                0x08001cd4       0xb4 f:/work and college/imt/programs/01- imt sdk/imt_sdk_win_64/imt_sdk_win_64/winarm/armgcc/bin/../lib/gcc/arm-none-eabi/7.2.1/../../../../arm-none-eabi/lib/thumb/v7e-m\libg_nano.a(lib_a-nano-mallocr.o)
                0x08001cd4                _malloc_r
 .text._realloc_r
                0x08001d88       0x4c f:/work and college/imt/programs/01- imt sdk/imt_sdk_win_64/imt_sdk_win_64/winarm/armgcc/bin/../lib/gcc/arm-none-eabi/7.2.1/../../../../arm-none-eabi/lib/thumb/v7e-m\libg_nano.a(lib_a-nano-reallocr.o)
                0x08001d88                _realloc_r
 .text._sbrk_r  0x08001dd4       0x20 f:/work and college/imt/programs/01- imt sdk/imt_sdk_win_64/imt_sdk_win_64/winarm/armgcc/bin/../lib/gcc/arm-none-eabi/7.2.1/../../../../arm-none-eabi/lib/thumb/v7e-m\libg_nano.a(lib_a-sbrkr.o)
                0x08001dd4                _sbrk_r
 .text.__malloc_lock
                0x08001df4        0x2 f:/work and college/imt/programs/01- imt sdk/imt_sdk_win_64/imt_sdk_win_64/winarm/armgcc/bin/../lib/gcc/arm-none-eabi/7.2.1/../../../../arm-none-eabi/lib/thumb/v7e-m\libg_nano.a(lib_a-mlock.o)
                0x08001df4                __malloc_lock
 .text.__malloc_unlock
                0x08001df6        0x2 f:/work and college/imt/programs/01- imt sdk/imt_sdk_win_64/imt_sdk_win_64/winarm/armgcc/bin/../lib/gcc/arm-none-eabi/7.2.1/../../../../arm-none-eabi/lib/thumb/v7e-m\libg_nano.a(lib_a-mlock.o)
                0x08001df6                __malloc_unlock
 .text._malloc_usable_size_r
                0x08001df8       0x10 f:/work and college/imt/programs/01- imt sdk/imt_sdk_win_64/imt_sdk_win_64/winarm/armgcc/bin/../lib/gcc/arm-none-eabi/7.2.1/../../../../arm-none-eabi/lib/thumb/v7e-m\libg_nano.a(lib_a-nano-msizer.o)
                0x08001df8                _malloc_usable_size_r
 *(.rodata .rodata.* .constdata .constdata.*)
 .rodata.dumpExceptionStack.str1.4
                0x08001e08      0x11a ./system/src/cortexm/exception-handlers.o
 *fill*         0x08001f22        0x2 
 .rodata.str1.4
                0x08001f24       0x2c ./system/src/cortexm/exception-handlers.o
                                 0x2a (size before relaxing)
 .rodata.DAC_Diab
                0x08001f50     0x86de ./src/main.o
                0x08001f50                DAC_Diab
 *fill*         0x0800a62e        0x2 
 .rodata.DAC_Monir
                0x0800a630     0x91a6 ./src/main.o
                0x0800a630                DAC_Monir
 *fill*         0x080137d6        0x2 
 .rodata.TFT_Diad
                0x080137d8     0xa000 ./src/main.o
                0x080137d8                TFT_Diad
 .rodata.TFT_Monir
                0x0801d7d8     0xa000 ./src/main.o
                0x0801d7d8                TFT_Monir
 .rodata._svfprintf_r.str1.1
                0x080277d8       0x11 f:/work and college/imt/programs/01- imt sdk/imt_sdk_win_64/imt_sdk_win_64/winarm/armgcc/bin/../lib/gcc/arm-none-eabi/7.2.1/../../../../arm-none-eabi/lib/thumb/v7e-m\libg_nano.a(lib_a-nano-svfprintf.o)
 .rodata._printf_i.str1.1
                0x080277e9       0x22 f:/work and college/imt/programs/01- imt sdk/imt_sdk_win_64/imt_sdk_win_64/winarm/armgcc/bin/../lib/gcc/arm-none-eabi/7.2.1/../../../../arm-none-eabi/lib/thumb/v7e-m\libg_nano.a(lib_a-nano-vfprintf_i.o)
 *(vtable)
 *(.eh_frame*)
 *(.glue_7)
 .glue_7        0x0802780b        0x0 linker stubs
 *(.glue_7t)
 .glue_7t       0x0802780b        0x0 linker stubs

.vfp11_veneer   0x0802780c        0x0
 .vfp11_veneer  0x0802780c        0x0 linker stubs

.v4_bx          0x0802780c        0x0
 .v4_bx         0x0802780c        0x0 linker stubs

.iplt           0x0802780c        0x0
 .iplt          0x0802780c        0x0 ./system/src/newlib/exit.o

.rel.dyn        0x0802780c        0x0
 .rel.iplt      0x0802780c        0x0 ./system/src/newlib/exit.o

.ARM.extab
 *(.ARM.extab* .gnu.linkonce.armextab.*)
                0x0802780c                . = ALIGN (0x4)
                0x0802780c                __exidx_start = .

.ARM.exidx
 *(.ARM.exidx* .gnu.linkonce.armexidx.*)
                0x0802780c                __exidx_end = .
                0x0802780c                . = ALIGN (0x4)
                0x0802780c                _etext = .
                0x0802780c                __etext = .

.data_CCMRAM    0x10000000        0x0 load address 0x0802780c
 FILL mask 0xff
 *(.data.CCMRAM .data.CCMRAM.*)
                0x10000000                . = ALIGN (0x4)
                0x0802780c                _sidata = LOADADDR (.data)

.data           0x20000000      0x19c load address 0x0802780c
 FILL mask 0xff
                0x20000000                _sdata = .
                0x20000000                __data_start__ = .
 *(.data_begin .data_begin.*)
 .data_begin    0x20000000        0x4 ./system/src/newlib/startup.o
 *(.data .data.*)
 .data.argv.4310
                0x20000004        0x8 ./system/src/newlib/syscalls.o
 .data.STP_Config
                0x2000000c        0xc ./src/HSTP_Configurations.o
                0x2000000c                STP_Config
 .data.MEXTI_Config
                0x20000018        0xc ./src/MEXTI_Configurations.o
                0x20000018                MEXTI_Config
 .data.Ptr_Name
                0x20000024        0x4 ./src/main.o
                0x20000024                Ptr_Name
 .data.Ptr_Song
                0x20000028        0x4 ./src/main.o
                0x20000028                Ptr_Song
 *fill*         0x2000002c        0x4 ff
 .data.global_u64Amr
                0x20000030       0x40 ./src/main.o
                0x20000030                global_u64Amr
 .data.global_u64Exit
                0x20000070       0x40 ./src/main.o
                0x20000070                global_u64Exit
 .data.global_u64Mohamed
                0x200000b0       0x40 ./src/main.o
                0x200000b0                global_u64Mohamed
 .data.global_u64Monir
                0x200000f0       0x40 ./src/main.o
                0x200000f0                global_u64Monir
 .data.global_u8CurrentSinger
                0x20000130        0x1 ./src/main.o
                0x20000130                global_u8CurrentSinger
 *fill*         0x20000131        0x3 ff
 .data._impure_ptr
                0x20000134        0x4 f:/work and college/imt/programs/01- imt sdk/imt_sdk_win_64/imt_sdk_win_64/winarm/armgcc/bin/../lib/gcc/arm-none-eabi/7.2.1/../../../../arm-none-eabi/lib/thumb/v7e-m\libg_nano.a(lib_a-impure.o)
                0x20000134                _impure_ptr
 .data.impure_data
                0x20000138       0x60 f:/work and college/imt/programs/01- imt sdk/imt_sdk_win_64/imt_sdk_win_64/winarm/armgcc/bin/../lib/gcc/arm-none-eabi/7.2.1/../../../../arm-none-eabi/lib/thumb/v7e-m\libg_nano.a(lib_a-impure.o)
 *(.data_end .data_end.*)
 .data_end      0x20000198        0x4 ./system/src/newlib/startup.o
                0x2000019c                . = ALIGN (0x4)
                0x2000019c                _edata = .
                0x2000019c                __data_end__ = .

.igot.plt       0x2000019c        0x0 load address 0x080279a8
 .igot.plt      0x2000019c        0x0 ./system/src/newlib/exit.o

.bss_CCMRAM     0x10000000        0x0
 *(.bss.CCMRAM .bss.CCMRAM.*)

.bss            0x2000019c      0x100
                0x2000019c                __bss_start__ = .
                0x2000019c                _sbss = .
 *(.bss_begin .bss_begin.*)
 .bss_begin     0x2000019c        0x4 ./system/src/newlib/startup.o
 *(.bss .bss.*)
 .bss.current_heap_end.3961
                0x200001a0        0x4 ./system/src/newlib/sbrk.o
 .bss.name.4309
                0x200001a4        0x1 ./system/src/newlib/syscalls.o
 *fill*         0x200001a5        0x3 
 .bss.buf.5205  0x200001a8       0x80 ./system/src/diag/trace.o
 .bss.MEXTI_CallBack
                0x20000228       0x40 ./src/MEXTI_Program.o
 .bss.STK_CallBack
                0x20000268        0x4 ./src/MSTK_Program.o
                0x20000268                STK_CallBack
 .bss.global_u16TimeCount
                0x2000026c        0x2 ./src/main.o
                0x2000026c                global_u16TimeCount
 *fill*         0x2000026e        0x2 
 .bss.global_u32DacIndex
                0x20000270        0x4 ./src/main.o
                0x20000270                global_u32DacIndex
 .bss.global_u32SongSize
                0x20000274        0x4 ./src/main.o
                0x20000274                global_u32SongSize
 .bss.global_u8FlagVal
                0x20000278        0x1 ./src/main.o
                0x20000278                global_u8FlagVal
 .bss.global_u8LedMatrixIndex
                0x20000279        0x1 ./src/main.o
                0x20000279                global_u8LedMatrixIndex
 *fill*         0x2000027a        0x2 
 .bss.__malloc_free_list
                0x2000027c        0x4 f:/work and college/imt/programs/01- imt sdk/imt_sdk_win_64/imt_sdk_win_64/winarm/armgcc/bin/../lib/gcc/arm-none-eabi/7.2.1/../../../../arm-none-eabi/lib/thumb/v7e-m\libg_nano.a(lib_a-nano-mallocr.o)
                0x2000027c                __malloc_free_list
 .bss.__malloc_sbrk_start
                0x20000280        0x4 f:/work and college/imt/programs/01- imt sdk/imt_sdk_win_64/imt_sdk_win_64/winarm/armgcc/bin/../lib/gcc/arm-none-eabi/7.2.1/../../../../arm-none-eabi/lib/thumb/v7e-m\libg_nano.a(lib_a-nano-mallocr.o)
                0x20000280                __malloc_sbrk_start
 *(COMMON)
 COMMON         0x20000284        0x4 ./system/src/newlib/syscalls.o
                0x20000284                errno
 COMMON         0x20000288       0x10 ./src/MSPI_Program.o
                0x20000288                SPI_CallBack
 *(.bss_end .bss_end.*)
 .bss_end       0x20000298        0x4 ./system/src/newlib/startup.o
                0x2000029c                . = ALIGN (0x4)
                0x2000029c                __bss_end__ = .
                0x2000029c                _ebss = .

.noinit_CCMRAM
 *(.noinit.CCMRAM .noinit.CCMRAM.*)

.noinit         0x2000029c        0x0
                0x2000029c                _noinit = .
 *(.noinit .noinit.*)
                0x2000029c                . = ALIGN (0x4)
                0x2000029c                _end_noinit = .
                [!provide]                PROVIDE (end, _end_noinit)
                [!provide]                PROVIDE (_end, _end_noinit)
                [!provide]                PROVIDE (__end, _end_noinit)
                [!provide]                PROVIDE (__end__, _end_noinit)

._check_stack   0x2000029c      0x100
                0x2000039c                . = (. + _Minimum_Stack_Size)
 *fill*         0x2000029c      0x100 

.b1text
 *(.b1text)
 *(.b1rodata)
 *(.b1rodata.*)

.eb0text
 *(.eb0text)
 *(.eb0rodata)
 *(.eb0rodata.*)

.eb1text
 *(.eb1text)
 *(.eb1rodata)
 *(.eb1rodata.*)

.eb2text
 *(.eb2text)
 *(.eb2rodata)
 *(.eb2rodata.*)

.eb3text
 *(.eb3text)
 *(.eb3rodata)
 *(.eb3rodata.*)

.stab
 *(.stab)

.stabstr
 *(.stabstr)

.stab.excl
 *(.stab.excl)

.stab.exclstr
 *(.stab.exclstr)

.stab.index
 *(.stab.index)

.stab.indexstr
 *(.stab.indexstr)

.comment        0x00000000       0x7e
 *(.comment)
 .comment       0x00000000       0x7e ./system/src/newlib/exit.o
                                 0x7f (size before relaxing)
 .comment       0x0000007e       0x7f ./system/src/newlib/sbrk.o
 .comment       0x0000007e       0x7f ./system/src/newlib/startup.o
 .comment       0x0000007e       0x7f ./system/src/newlib/syscalls.o
 .comment       0x0000007e       0x7f ./system/src/diag/trace-impl.o
 .comment       0x0000007e       0x7f ./system/src/diag/trace.o
 .comment       0x0000007e       0x7f ./system/src/cortexm/exception-handlers.o
 .comment       0x0000007e       0x7f ./system/src/cortexm/initialize-hardware.o
 .comment       0x0000007e       0x7f ./system/src/cmsis/system_stm32f4xx.o
 .comment       0x0000007e       0x7f ./system/src/cmsis/vectors_stm32f401xc.o
 .comment       0x0000007e       0x7f ./src/HR2RDAC_Program.o
 .comment       0x0000007e       0x7f ./src/HSTP_Configurations.o
 .comment       0x0000007e       0x7f ./src/HSTP_Program.o
 .comment       0x0000007e       0x7f ./src/HTFT_Program.o
 .comment       0x0000007e       0x7f ./src/MEXTI_Configurations.o
 .comment       0x0000007e       0x7f ./src/MEXTI_Program.o
 .comment       0x0000007e       0x7f ./src/MGPIO_Program.o
 .comment       0x0000007e       0x7f ./src/MNVIC_Program.o
 .comment       0x0000007e       0x7f ./src/MRCC_Program.o
 .comment       0x0000007e       0x7f ./src/MSPI_Program.o
 .comment       0x0000007e       0x7f ./src/MSTK_Program.o
 .comment       0x0000007e       0x7f ./src/initialize-hardware.o
 .comment       0x0000007e       0x7f ./src/main.o

.ARM.attributes
                0x00000000       0x31
 .ARM.attributes
                0x00000000       0x33 ./system/src/newlib/exit.o
 .ARM.attributes
                0x00000033       0x33 ./system/src/newlib/sbrk.o
 .ARM.attributes
                0x00000066       0x33 ./system/src/newlib/startup.o
 .ARM.attributes
                0x00000099       0x33 ./system/src/newlib/syscalls.o
 .ARM.attributes
                0x000000cc       0x33 ./system/src/diag/trace-impl.o
 .ARM.attributes
                0x000000ff       0x33 ./system/src/diag/trace.o
 .ARM.attributes
                0x00000132       0x33 ./system/src/cortexm/exception-handlers.o
 .ARM.attributes
                0x00000165       0x33 ./system/src/cortexm/initialize-hardware.o
 .ARM.attributes
                0x00000198       0x33 ./system/src/cmsis/system_stm32f4xx.o
 .ARM.attributes
                0x000001cb       0x33 ./system/src/cmsis/vectors_stm32f401xc.o
 .ARM.attributes
                0x000001fe       0x33 ./src/HR2RDAC_Program.o
 .ARM.attributes
                0x00000231       0x33 ./src/HSTP_Configurations.o
 .ARM.attributes
                0x00000264       0x33 ./src/HSTP_Program.o
 .ARM.attributes
                0x00000297       0x33 ./src/HTFT_Program.o
 .ARM.attributes
                0x000002ca       0x33 ./src/MEXTI_Configurations.o
 .ARM.attributes
                0x000002fd       0x33 ./src/MEXTI_Program.o
 .ARM.attributes
                0x00000330       0x33 ./src/MGPIO_Program.o
 .ARM.attributes
                0x00000363       0x33 ./src/MNVIC_Program.o
 .ARM.attributes
                0x00000396       0x33 ./src/MRCC_Program.o
 .ARM.attributes
                0x000003c9       0x33 ./src/MSPI_Program.o
 .ARM.attributes
                0x000003fc       0x33 ./src/MSTK_Program.o
 .ARM.attributes
                0x0000042f       0x33 ./src/initialize-hardware.o
 .ARM.attributes
                0x00000462       0x33 ./src/main.o
 .ARM.attributes
                0x00000495       0x2e f:/work and college/imt/programs/01- imt sdk/imt_sdk_win_64/imt_sdk_win_64/winarm/armgcc/bin/../lib/gcc/arm-none-eabi/7.2.1/../../../../arm-none-eabi/lib/thumb/v7e-m\libg_nano.a(lib_a-errno.o)
 .ARM.attributes
                0x000004c3       0x2e f:/work and college/imt/programs/01- imt sdk/imt_sdk_win_64/imt_sdk_win_64/winarm/armgcc/bin/../lib/gcc/arm-none-eabi/7.2.1/../../../../arm-none-eabi/lib/thumb/v7e-m\libg_nano.a(lib_a-impure.o)
 .ARM.attributes
                0x000004f1       0x2e f:/work and college/imt/programs/01- imt sdk/imt_sdk_win_64/imt_sdk_win_64/winarm/armgcc/bin/../lib/gcc/arm-none-eabi/7.2.1/../../../../arm-none-eabi/lib/thumb/v7e-m\libg_nano.a(lib_a-vsnprintf.o)
 .ARM.attributes
                0x0000051f       0x2e f:/work and college/imt/programs/01- imt sdk/imt_sdk_win_64/imt_sdk_win_64/winarm/armgcc/bin/../lib/gcc/arm-none-eabi/7.2.1/../../../../arm-none-eabi/lib/thumb/v7e-m\libg_nano.a(lib_a-nano-svfprintf.o)
 .ARM.attributes
                0x0000054d       0x2e f:/work and college/imt/programs/01- imt sdk/imt_sdk_win_64/imt_sdk_win_64/winarm/armgcc/bin/../lib/gcc/arm-none-eabi/7.2.1/../../../../arm-none-eabi/lib/thumb/v7e-m\libg_nano.a(lib_a-nano-vfprintf_i.o)
 .ARM.attributes
                0x0000057b       0x1c f:/work and college/imt/programs/01- imt sdk/imt_sdk_win_64/imt_sdk_win_64/winarm/armgcc/bin/../lib/gcc/arm-none-eabi/7.2.1/../../../../arm-none-eabi/lib/thumb/v7e-m\libg_nano.a(lib_a-memchr.o)
 .ARM.attributes
                0x00000597       0x2e f:/work and college/imt/programs/01- imt sdk/imt_sdk_win_64/imt_sdk_win_64/winarm/armgcc/bin/../lib/gcc/arm-none-eabi/7.2.1/../../../../arm-none-eabi/lib/thumb/v7e-m\libg_nano.a(lib_a-memcpy-stub.o)
 .ARM.attributes
                0x000005c5       0x2e f:/work and college/imt/programs/01- imt sdk/imt_sdk_win_64/imt_sdk_win_64/winarm/armgcc/bin/../lib/gcc/arm-none-eabi/7.2.1/../../../../arm-none-eabi/lib/thumb/v7e-m\libg_nano.a(lib_a-memmove.o)
 .ARM.attributes
                0x000005f3       0x2e f:/work and college/imt/programs/01- imt sdk/imt_sdk_win_64/imt_sdk_win_64/winarm/armgcc/bin/../lib/gcc/arm-none-eabi/7.2.1/../../../../arm-none-eabi/lib/thumb/v7e-m\libg_nano.a(lib_a-nano-freer.o)
 .ARM.attributes
                0x00000621       0x2e f:/work and college/imt/programs/01- imt sdk/imt_sdk_win_64/imt_sdk_win_64/winarm/armgcc/bin/../lib/gcc/arm-none-eabi/7.2.1/../../../../arm-none-eabi/lib/thumb/v7e-m\libg_nano.a(lib_a-nano-mallocr.o)
 .ARM.attributes
                0x0000064f       0x2e f:/work and college/imt/programs/01- imt sdk/imt_sdk_win_64/imt_sdk_win_64/winarm/armgcc/bin/../lib/gcc/arm-none-eabi/7.2.1/../../../../arm-none-eabi/lib/thumb/v7e-m\libg_nano.a(lib_a-nano-reallocr.o)
 .ARM.attributes
                0x0000067d       0x2e f:/work and college/imt/programs/01- imt sdk/imt_sdk_win_64/imt_sdk_win_64/winarm/armgcc/bin/../lib/gcc/arm-none-eabi/7.2.1/../../../../arm-none-eabi/lib/thumb/v7e-m\libg_nano.a(lib_a-sbrkr.o)
 .ARM.attributes
                0x000006ab       0x2e f:/work and college/imt/programs/01- imt sdk/imt_sdk_win_64/imt_sdk_win_64/winarm/armgcc/bin/../lib/gcc/arm-none-eabi/7.2.1/../../../../arm-none-eabi/lib/thumb/v7e-m\libg_nano.a(lib_a-mlock.o)
 .ARM.attributes
                0x000006d9       0x2e f:/work and college/imt/programs/01- imt sdk/imt_sdk_win_64/imt_sdk_win_64/winarm/armgcc/bin/../lib/gcc/arm-none-eabi/7.2.1/../../../../arm-none-eabi/lib/thumb/v7e-m\libg_nano.a(lib_a-nano-msizer.o)

.debug
 *(.debug)

.line
 *(.line)

.debug_srcinfo
 *(.debug_srcinfo)

.debug_sfnames
 *(.debug_sfnames)

.debug_aranges  0x00000000      0x578
 *(.debug_aranges)
 .debug_aranges
                0x00000000       0x28 ./system/src/newlib/exit.o
 .debug_aranges
                0x00000028       0x20 ./system/src/newlib/sbrk.o
 .debug_aranges
                0x00000048       0x40 ./system/src/newlib/startup.o
 .debug_aranges
                0x00000088       0x30 ./system/src/newlib/syscalls.o
 .debug_aranges
                0x000000b8       0x30 ./system/src/diag/trace-impl.o
 .debug_aranges
                0x000000e8       0x38 ./system/src/diag/trace.o
 .debug_aranges
                0x00000120       0x90 ./system/src/cortexm/exception-handlers.o
 .debug_aranges
                0x000001b0       0x28 ./system/src/cortexm/initialize-hardware.o
 .debug_aranges
                0x000001d8       0x28 ./system/src/cmsis/system_stm32f4xx.o
 .debug_aranges
                0x00000200       0x20 ./system/src/cmsis/vectors_stm32f401xc.o
 .debug_aranges
                0x00000220       0x30 ./src/HR2RDAC_Program.o
 .debug_aranges
                0x00000250       0x18 ./src/HSTP_Configurations.o
 .debug_aranges
                0x00000268       0x40 ./src/HSTP_Program.o
 .debug_aranges
                0x000002a8       0x40 ./src/HTFT_Program.o
 .debug_aranges
                0x000002e8       0x18 ./src/MEXTI_Configurations.o
 .debug_aranges
                0x00000300       0x70 ./src/MEXTI_Program.o
 .debug_aranges
                0x00000370       0x58 ./src/MGPIO_Program.o
 .debug_aranges
                0x000003c8       0x50 ./src/MNVIC_Program.o
 .debug_aranges
                0x00000418       0x30 ./src/MRCC_Program.o
 .debug_aranges
                0x00000448       0x38 ./src/MSPI_Program.o
 .debug_aranges
                0x00000480       0x88 ./src/MSTK_Program.o
 .debug_aranges
                0x00000508       0x30 ./src/initialize-hardware.o
 .debug_aranges
                0x00000538       0x40 ./src/main.o

.debug_pubnames
 *(.debug_pubnames)

.debug_info     0x00000000     0x7e2e
 *(.debug_info .gnu.linkonce.wi.*)
 .debug_info    0x00000000      0x956 ./system/src/newlib/exit.o
 .debug_info    0x00000956      0x942 ./system/src/newlib/sbrk.o
 .debug_info    0x00001298      0x4bf ./system/src/newlib/startup.o
 .debug_info    0x00001757      0xa19 ./system/src/newlib/syscalls.o
 .debug_info    0x00002170      0x40a ./system/src/diag/trace-impl.o
 .debug_info    0x0000257a      0xb2a ./system/src/diag/trace.o
 .debug_info    0x000030a4     0x11f1 ./system/src/cortexm/exception-handlers.o
 .debug_info    0x00004295      0x353 ./system/src/cortexm/initialize-hardware.o
 .debug_info    0x000045e8      0x562 ./system/src/cmsis/system_stm32f4xx.o
 .debug_info    0x00004b4a       0xca ./system/src/cmsis/vectors_stm32f401xc.o
 .debug_info    0x00004c14      0x4cb ./src/HR2RDAC_Program.o
 .debug_info    0x000050df       0xf6 ./src/HSTP_Configurations.o
 .debug_info    0x000051d5      0x460 ./src/HSTP_Program.o
 .debug_info    0x00005635      0x61b ./src/HTFT_Program.o
 .debug_info    0x00005c50      0x1da ./src/MEXTI_Configurations.o
 .debug_info    0x00005e2a      0x46f ./src/MEXTI_Program.o
 .debug_info    0x00006299      0x332 ./src/MGPIO_Program.o
 .debug_info    0x000065cb      0x30d ./src/MNVIC_Program.o
 .debug_info    0x000068d8      0x2be ./src/MRCC_Program.o
 .debug_info    0x00006b96      0x1b6 ./src/MSPI_Program.o
 .debug_info    0x00006d4c      0x28f ./src/MSTK_Program.o
 .debug_info    0x00006fdb      0x62e ./src/initialize-hardware.o
 .debug_info    0x00007609      0x825 ./src/main.o

.debug_abbrev   0x00000000     0x1ee9
 *(.debug_abbrev)
 .debug_abbrev  0x00000000      0x1f3 ./system/src/newlib/exit.o
 .debug_abbrev  0x000001f3      0x1fc ./system/src/newlib/sbrk.o
 .debug_abbrev  0x000003ef      0x1cb ./system/src/newlib/startup.o
 .debug_abbrev  0x000005ba      0x234 ./system/src/newlib/syscalls.o
 .debug_abbrev  0x000007ee      0x1f3 ./system/src/diag/trace-impl.o
 .debug_abbrev  0x000009e1      0x276 ./system/src/diag/trace.o
 .debug_abbrev  0x00000c57      0x33c ./system/src/cortexm/exception-handlers.o
 .debug_abbrev  0x00000f93      0x104 ./system/src/cortexm/initialize-hardware.o
 .debug_abbrev  0x00001097      0x12b ./system/src/cmsis/system_stm32f4xx.o
 .debug_abbrev  0x000011c2       0x9d ./system/src/cmsis/vectors_stm32f401xc.o
 .debug_abbrev  0x0000125f       0xb0 ./src/HR2RDAC_Program.o
 .debug_abbrev  0x0000130f       0x82 ./src/HSTP_Configurations.o
 .debug_abbrev  0x00001391      0x123 ./src/HSTP_Program.o
 .debug_abbrev  0x000014b4       0xc2 ./src/HTFT_Program.o
 .debug_abbrev  0x00001576       0x8f ./src/MEXTI_Configurations.o
 .debug_abbrev  0x00001605      0x145 ./src/MEXTI_Program.o
 .debug_abbrev  0x0000174a      0x103 ./src/MGPIO_Program.o
 .debug_abbrev  0x0000184d      0x11e ./src/MNVIC_Program.o
 .debug_abbrev  0x0000196b       0xb3 ./src/MRCC_Program.o
 .debug_abbrev  0x00001a1e      0x129 ./src/MSPI_Program.o
 .debug_abbrev  0x00001b47      0x10a ./src/MSTK_Program.o
 .debug_abbrev  0x00001c51      0x1ae ./src/initialize-hardware.o
 .debug_abbrev  0x00001dff       0xea ./src/main.o

.debug_line     0x00000000     0x5ce0
 *(.debug_line)
 .debug_line    0x00000000      0x3da ./system/src/newlib/exit.o
 .debug_line    0x000003da      0x38e ./system/src/newlib/sbrk.o
 .debug_line    0x00000768      0x456 ./system/src/newlib/startup.o
 .debug_line    0x00000bbe      0x4c7 ./system/src/newlib/syscalls.o
 .debug_line    0x00001085      0xb68 ./system/src/diag/trace-impl.o
 .debug_line    0x00001bed      0x457 ./system/src/diag/trace.o
 .debug_line    0x00002044      0xc2b ./system/src/cortexm/exception-handlers.o
 .debug_line    0x00002c6f      0x846 ./system/src/cortexm/initialize-hardware.o
 .debug_line    0x000034b5      0x847 ./system/src/cmsis/system_stm32f4xx.o
 .debug_line    0x00003cfc      0x126 ./system/src/cmsis/vectors_stm32f401xc.o
 .debug_line    0x00003e22      0x1a9 ./src/HR2RDAC_Program.o
 .debug_line    0x00003fcb      0x10d ./src/HSTP_Configurations.o
 .debug_line    0x000040d8      0x228 ./src/HSTP_Program.o
 .debug_line    0x00004300      0x202 ./src/HTFT_Program.o
 .debug_line    0x00004502       0xc9 ./src/MEXTI_Configurations.o
 .debug_line    0x000045cb      0x1ac ./src/MEXTI_Program.o
 .debug_line    0x00004777      0x244 ./src/MGPIO_Program.o
 .debug_line    0x000049bb      0x144 ./src/MNVIC_Program.o
 .debug_line    0x00004aff      0x119 ./src/MRCC_Program.o
 .debug_line    0x00004c18      0x117 ./src/MSPI_Program.o
 .debug_line    0x00004d2f      0x1c7 ./src/MSTK_Program.o
 .debug_line    0x00004ef6      0xb11 ./src/initialize-hardware.o
 .debug_line    0x00005a07      0x2d9 ./src/main.o

.debug_frame    0x00000000      0xd9c
 *(.debug_frame)
 .debug_frame   0x00000000       0x38 ./system/src/newlib/exit.o
 .debug_frame   0x00000038       0x28 ./system/src/newlib/sbrk.o
 .debug_frame   0x00000060       0x7c ./system/src/newlib/startup.o
 .debug_frame   0x000000dc       0x50 ./system/src/newlib/syscalls.o
 .debug_frame   0x0000012c       0x64 ./system/src/diag/trace-impl.o
 .debug_frame   0x00000190       0x94 ./system/src/diag/trace.o
 .debug_frame   0x00000224      0x158 ./system/src/cortexm/exception-handlers.o
 .debug_frame   0x0000037c       0x40 ./system/src/cortexm/initialize-hardware.o
 .debug_frame   0x000003bc       0x30 ./system/src/cmsis/system_stm32f4xx.o
 .debug_frame   0x000003ec       0x20 ./system/src/cmsis/vectors_stm32f401xc.o
 .debug_frame   0x0000040c       0x60 ./src/HR2RDAC_Program.o
 .debug_frame   0x0000046c       0xd8 ./src/HSTP_Program.o
 .debug_frame   0x00000544       0x8c ./src/HTFT_Program.o
 .debug_frame   0x000005d0       0xf8 ./src/MEXTI_Program.o
 .debug_frame   0x000006c8       0xe4 ./src/MGPIO_Program.o
 .debug_frame   0x000007ac       0xb0 ./src/MNVIC_Program.o
 .debug_frame   0x0000085c       0x40 ./src/MRCC_Program.o
 .debug_frame   0x0000089c       0x58 ./src/MSPI_Program.o
 .debug_frame   0x000008f4       0xf8 ./src/MSTK_Program.o
 .debug_frame   0x000009ec       0x5c ./src/initialize-hardware.o
 .debug_frame   0x00000a48       0x8c ./src/main.o
 .debug_frame   0x00000ad4       0x20 f:/work and college/imt/programs/01- imt sdk/imt_sdk_win_64/imt_sdk_win_64/winarm/armgcc/bin/../lib/gcc/arm-none-eabi/7.2.1/../../../../arm-none-eabi/lib/thumb/v7e-m\libg_nano.a(lib_a-errno.o)
 .debug_frame   0x00000af4       0x4c f:/work and college/imt/programs/01- imt sdk/imt_sdk_win_64/imt_sdk_win_64/winarm/armgcc/bin/../lib/gcc/arm-none-eabi/7.2.1/../../../../arm-none-eabi/lib/thumb/v7e-m\libg_nano.a(lib_a-vsnprintf.o)
 .debug_frame   0x00000b40       0x90 f:/work and college/imt/programs/01- imt sdk/imt_sdk_win_64/imt_sdk_win_64/winarm/armgcc/bin/../lib/gcc/arm-none-eabi/7.2.1/../../../../arm-none-eabi/lib/thumb/v7e-m\libg_nano.a(lib_a-nano-svfprintf.o)
 .debug_frame   0x00000bd0       0x60 f:/work and college/imt/programs/01- imt sdk/imt_sdk_win_64/imt_sdk_win_64/winarm/armgcc/bin/../lib/gcc/arm-none-eabi/7.2.1/../../../../arm-none-eabi/lib/thumb/v7e-m\libg_nano.a(lib_a-nano-vfprintf_i.o)
 .debug_frame   0x00000c30       0x28 f:/work and college/imt/programs/01- imt sdk/imt_sdk_win_64/imt_sdk_win_64/winarm/armgcc/bin/../lib/gcc/arm-none-eabi/7.2.1/../../../../arm-none-eabi/lib/thumb/v7e-m\libg_nano.a(lib_a-memcpy-stub.o)
 .debug_frame   0x00000c58       0x28 f:/work and college/imt/programs/01- imt sdk/imt_sdk_win_64/imt_sdk_win_64/winarm/armgcc/bin/../lib/gcc/arm-none-eabi/7.2.1/../../../../arm-none-eabi/lib/thumb/v7e-m\libg_nano.a(lib_a-memmove.o)
 .debug_frame   0x00000c80       0x38 f:/work and college/imt/programs/01- imt sdk/imt_sdk_win_64/imt_sdk_win_64/winarm/armgcc/bin/../lib/gcc/arm-none-eabi/7.2.1/../../../../arm-none-eabi/lib/thumb/v7e-m\libg_nano.a(lib_a-nano-freer.o)
 .debug_frame   0x00000cb8       0x2c f:/work and college/imt/programs/01- imt sdk/imt_sdk_win_64/imt_sdk_win_64/winarm/armgcc/bin/../lib/gcc/arm-none-eabi/7.2.1/../../../../arm-none-eabi/lib/thumb/v7e-m\libg_nano.a(lib_a-nano-mallocr.o)
 .debug_frame   0x00000ce4       0x3c f:/work and college/imt/programs/01- imt sdk/imt_sdk_win_64/imt_sdk_win_64/winarm/armgcc/bin/../lib/gcc/arm-none-eabi/7.2.1/../../../../arm-none-eabi/lib/thumb/v7e-m\libg_nano.a(lib_a-nano-reallocr.o)
 .debug_frame   0x00000d20       0x2c f:/work and college/imt/programs/01- imt sdk/imt_sdk_win_64/imt_sdk_win_64/winarm/armgcc/bin/../lib/gcc/arm-none-eabi/7.2.1/../../../../arm-none-eabi/lib/thumb/v7e-m\libg_nano.a(lib_a-sbrkr.o)
 .debug_frame   0x00000d4c       0x30 f:/work and college/imt/programs/01- imt sdk/imt_sdk_win_64/imt_sdk_win_64/winarm/armgcc/bin/../lib/gcc/arm-none-eabi/7.2.1/../../../../arm-none-eabi/lib/thumb/v7e-m\libg_nano.a(lib_a-mlock.o)
 .debug_frame   0x00000d7c       0x20 f:/work and college/imt/programs/01- imt sdk/imt_sdk_win_64/imt_sdk_win_64/winarm/armgcc/bin/../lib/gcc/arm-none-eabi/7.2.1/../../../../arm-none-eabi/lib/thumb/v7e-m\libg_nano.a(lib_a-nano-msizer.o)

.debug_str      0x00000000    0xa94de
 *(.debug_str)
 .debug_str     0x00000000     0x7d25 ./system/src/newlib/exit.o
                               0x7ef8 (size before relaxing)
 .debug_str     0x00007d25      0x4f4 ./system/src/newlib/sbrk.o
                               0x72aa (size before relaxing)
 .debug_str     0x00008219      0xc22 ./system/src/newlib/startup.o
                               0x6a4b (size before relaxing)
 .debug_str     0x00008e3b      0xe8a ./system/src/newlib/syscalls.o
                               0x8185 (size before relaxing)
 .debug_str     0x00009cc5    0x9c6f6 ./system/src/diag/trace-impl.o
                              0xa3f11 (size before relaxing)
 .debug_str     0x000a63bb      0x81a ./system/src/diag/trace.o
                               0x8671 (size before relaxing)
 .debug_str     0x000a6bd5      0x204 ./system/src/cortexm/exception-handlers.o
                              0xa512e (size before relaxing)
 .debug_str     0x000a6dd9       0x5d ./system/src/cortexm/initialize-hardware.o
                              0xa0049 (size before relaxing)
 .debug_str     0x000a6e36      0x156 ./system/src/cmsis/system_stm32f4xx.o
                              0xa011d (size before relaxing)
 .debug_str     0x000a6f8c       0x59 ./system/src/cmsis/vectors_stm32f401xc.o
                               0x3889 (size before relaxing)
 .debug_str     0x000a6fe5      0x5d9 ./src/HR2RDAC_Program.o
                               0x3388 (size before relaxing)
 .debug_str     0x000a75be       0xdc ./src/HSTP_Configurations.o
                               0x31f6 (size before relaxing)
 .debug_str     0x000a769a      0x148 ./src/HSTP_Program.o
                               0x34aa (size before relaxing)
 .debug_str     0x000a77e2      0x77d ./src/HTFT_Program.o
                               0x3a13 (size before relaxing)
 .debug_str     0x000a7f5f      0x2cd ./src/MEXTI_Configurations.o
                               0x31fe (size before relaxing)
 .debug_str     0x000a822c      0x18f ./src/MEXTI_Program.o
                               0x338a (size before relaxing)
 .debug_str     0x000a83bb      0x348 ./src/MGPIO_Program.o
                               0x3616 (size before relaxing)
 .debug_str     0x000a8703      0x2f2 ./src/MNVIC_Program.o
                               0x322f (size before relaxing)
 .debug_str     0x000a89f5      0x231 ./src/MRCC_Program.o
                               0x3489 (size before relaxing)
 .debug_str     0x000a8c26      0x3b4 ./src/MSPI_Program.o
                               0x3534 (size before relaxing)
 .debug_str     0x000a8fda      0x203 ./src/MSTK_Program.o
                               0x31ce (size before relaxing)
 .debug_str     0x000a91dd      0x1a7 ./src/initialize-hardware.o
                              0xa3e78 (size before relaxing)
 .debug_str     0x000a9384      0x15a ./src/main.o
                               0x3b33 (size before relaxing)

.debug_loc      0x00000000     0x1902
 *(.debug_loc)
 .debug_loc     0x00000000       0x85 ./system/src/newlib/sbrk.o
 .debug_loc     0x00000085      0x2cb ./system/src/newlib/startup.o
 .debug_loc     0x00000350       0x63 ./system/src/newlib/syscalls.o
 .debug_loc     0x000003b3      0x121 ./system/src/diag/trace-impl.o
 .debug_loc     0x000004d4       0xf6 ./system/src/diag/trace.o
 .debug_loc     0x000005ca      0x291 ./system/src/cortexm/exception-handlers.o
 .debug_loc     0x0000085b      0x13e ./system/src/cmsis/system_stm32f4xx.o
 .debug_loc     0x00000999       0x97 ./src/HR2RDAC_Program.o
 .debug_loc     0x00000a30      0x270 ./src/HSTP_Program.o
 .debug_loc     0x00000ca0       0x8a ./src/HTFT_Program.o
 .debug_loc     0x00000d2a      0x196 ./src/MEXTI_Program.o
 .debug_loc     0x00000ec0      0x57e ./src/MGPIO_Program.o
 .debug_loc     0x0000143e      0x1df ./src/MNVIC_Program.o
 .debug_loc     0x0000161d      0x1b0 ./src/MRCC_Program.o
 .debug_loc     0x000017cd       0x21 ./src/MSPI_Program.o
 .debug_loc     0x000017ee       0xbc ./src/MSTK_Program.o
 .debug_loc     0x000018aa       0x58 ./src/initialize-hardware.o

.debug_macinfo
 *(.debug_macinfo)

.debug_weaknames
 *(.debug_weaknames)

.debug_funcnames
 *(.debug_funcnames)

.debug_typenames
 *(.debug_typenames)

.debug_varnames
 *(.debug_varnames)
OUTPUT(ITI_ARM_Project.elf elf32-littlearm)

.debug_ranges   0x00000000      0x488
 .debug_ranges  0x00000000       0x18 ./system/src/newlib/exit.o
 .debug_ranges  0x00000018       0x10 ./system/src/newlib/sbrk.o
 .debug_ranges  0x00000028       0x90 ./system/src/newlib/startup.o
 .debug_ranges  0x000000b8       0x20 ./system/src/newlib/syscalls.o
 .debug_ranges  0x000000d8       0x50 ./system/src/diag/trace-impl.o
 .debug_ranges  0x00000128       0x28 ./system/src/diag/trace.o
 .debug_ranges  0x00000150       0x80 ./system/src/cortexm/exception-handlers.o
 .debug_ranges  0x000001d0       0x18 ./system/src/cortexm/initialize-hardware.o
 .debug_ranges  0x000001e8       0x18 ./system/src/cmsis/system_stm32f4xx.o
 .debug_ranges  0x00000200       0x10 ./system/src/cmsis/vectors_stm32f401xc.o
 .debug_ranges  0x00000210       0x20 ./src/HR2RDAC_Program.o
 .debug_ranges  0x00000230       0x30 ./src/HSTP_Program.o
 .debug_ranges  0x00000260       0x30 ./src/HTFT_Program.o
 .debug_ranges  0x00000290       0x60 ./src/MEXTI_Program.o
 .debug_ranges  0x000002f0       0x48 ./src/MGPIO_Program.o
 .debug_ranges  0x00000338       0x40 ./src/MNVIC_Program.o
 .debug_ranges  0x00000378       0x20 ./src/MRCC_Program.o
 .debug_ranges  0x00000398       0x28 ./src/MSPI_Program.o
 .debug_ranges  0x000003c0       0x78 ./src/MSTK_Program.o
 .debug_ranges  0x00000438       0x20 ./src/initialize-hardware.o
 .debug_ranges  0x00000458       0x30 ./src/main.o

.debug_macro    0x00000000     0x41ee
 .debug_macro   0x00000000      0x1b4 ./system/src/newlib/exit.o
 .debug_macro   0x000001b4      0x169 ./system/src/newlib/sbrk.o
 .debug_macro   0x0000031d       0x10 ./system/src/newlib/sbrk.o
 .debug_macro   0x0000032d      0x23b ./system/src/newlib/sbrk.o
 .debug_macro   0x00000568      0x173 ./system/src/newlib/startup.o
 .debug_macro   0x000006db      0xa72 ./system/src/newlib/startup.o
 .debug_macro   0x0000114d      0x217 ./system/src/newlib/syscalls.o
 .debug_macro   0x00001364       0x1c ./system/src/newlib/syscalls.o
 .debug_macro   0x00001380       0x10 ./system/src/newlib/syscalls.o
 .debug_macro   0x00001390       0x10 ./system/src/newlib/syscalls.o
 .debug_macro   0x000013a0       0x10 ./system/src/newlib/syscalls.o
 .debug_macro   0x000013b0       0x35 ./system/src/newlib/syscalls.o
 .debug_macro   0x000013e5      0x122 ./system/src/newlib/syscalls.o
 .debug_macro   0x00001507       0x88 ./system/src/newlib/syscalls.o
 .debug_macro   0x0000158f       0x2b ./system/src/newlib/syscalls.o
 .debug_macro   0x000015ba      0x118 ./system/src/newlib/syscalls.o
 .debug_macro   0x000016d2      0x189 ./system/src/newlib/syscalls.o
 .debug_macro   0x0000185b       0x16 ./system/src/newlib/syscalls.o
 .debug_macro   0x00001871      0x4fa ./system/src/diag/trace-impl.o
 .debug_macro   0x00001d6b       0x10 ./system/src/diag/trace-impl.o
 .debug_macro   0x00001d7b      0x32a ./system/src/diag/trace-impl.o
 .debug_macro   0x000020a5       0x22 ./system/src/diag/trace-impl.o
 .debug_macro   0x000020c7      0x1fb ./system/src/diag/trace.o
 .debug_macro   0x000022c2       0x16 ./system/src/diag/trace.o
 .debug_macro   0x000022d8       0x97 ./system/src/diag/trace.o
 .debug_macro   0x0000236f       0xfd ./system/src/diag/trace.o
 .debug_macro   0x0000246c       0x10 ./system/src/diag/trace.o
 .debug_macro   0x0000247c       0x16 ./system/src/diag/trace.o
 .debug_macro   0x00002492      0x16f ./system/src/diag/trace.o
 .debug_macro   0x00002601       0x4c ./system/src/diag/trace.o
 .debug_macro   0x0000264d       0x16 ./system/src/diag/trace.o
 .debug_macro   0x00002663      0x54a ./system/src/cortexm/exception-handlers.o
 .debug_macro   0x00002bad       0x10 ./system/src/cortexm/exception-handlers.o
 .debug_macro   0x00002bbd      0x390 ./system/src/cortexm/initialize-hardware.o
 .debug_macro   0x00002f4d      0x38c ./system/src/cmsis/system_stm32f4xx.o
 .debug_macro   0x000032d9       0x34 ./system/src/cmsis/vectors_stm32f401xc.o
 .debug_macro   0x0000330d       0x53 ./src/HR2RDAC_Program.o
 .debug_macro   0x00003360       0x2e ./src/HR2RDAC_Program.o
 .debug_macro   0x0000338e       0x10 ./src/HR2RDAC_Program.o
 .debug_macro   0x0000339e      0x142 ./src/HR2RDAC_Program.o
 .debug_macro   0x000034e0       0x10 ./src/HR2RDAC_Program.o
 .debug_macro   0x000034f0       0x49 ./src/HSTP_Configurations.o
 .debug_macro   0x00003539       0x10 ./src/HSTP_Configurations.o
 .debug_macro   0x00003549       0x10 ./src/HSTP_Configurations.o
 .debug_macro   0x00003559       0x52 ./src/HSTP_Program.o
 .debug_macro   0x000035ab       0x64 ./src/HTFT_Program.o
 .debug_macro   0x0000360f       0xe8 ./src/HTFT_Program.o
 .debug_macro   0x000036f7       0x9a ./src/HTFT_Program.o
 .debug_macro   0x00003791       0x52 ./src/HTFT_Program.o
 .debug_macro   0x000037e3       0x40 ./src/HTFT_Program.o
 .debug_macro   0x00003823       0x3f ./src/MEXTI_Configurations.o
 .debug_macro   0x00003862       0x2e ./src/MEXTI_Configurations.o
 .debug_macro   0x00003890       0x10 ./src/MEXTI_Configurations.o
 .debug_macro   0x000038a0       0x3f ./src/MEXTI_Program.o
 .debug_macro   0x000038df       0x3f ./src/MGPIO_Program.o
 .debug_macro   0x0000391e       0x6a ./src/MGPIO_Program.o
 .debug_macro   0x00003988       0x40 ./src/MNVIC_Program.o
 .debug_macro   0x000039c8       0x34 ./src/MNVIC_Program.o
 .debug_macro   0x000039fc       0x3e ./src/MRCC_Program.o
 .debug_macro   0x00003a3a       0x7c ./src/MRCC_Program.o
 .debug_macro   0x00003ab6       0x10 ./src/MRCC_Program.o
 .debug_macro   0x00003ac6       0x3e ./src/MSPI_Program.o
 .debug_macro   0x00003b04       0xa0 ./src/MSPI_Program.o
 .debug_macro   0x00003ba4       0x40 ./src/MSPI_Program.o
 .debug_macro   0x00003be4       0x3f ./src/MSTK_Program.o
 .debug_macro   0x00003c23       0x46 ./src/MSTK_Program.o
 .debug_macro   0x00003c69       0x10 ./src/MSTK_Program.o
 .debug_macro   0x00003c79      0x4df ./src/initialize-hardware.o
 .debug_macro   0x00004158       0x96 ./src/main.o
